<html>
<body>
<pre>
<h1>礦ision Build Log</h1>
<h2>Project:</h2>
E:\project\stm32f407\STM32F407-工程模板\STM32F407-工程模板\Project\test.uvproj
Project File Date:  07/29/2013

<h2>Output:</h2>
Rebuild target 'project'
compiling misc.c...
compiling stm32f4xx_dbgmcu.c...
compiling stm32f4xx_flash.c...
compiling stm32f4xx_gpio.c...
compiling stm32f4xx_rcc.c...
compiling stm32f4xx_syscfg.c...
compiling stm32f4xx_usart.c...
assembling startup_stm32f4xx.s...
compiling system_stm32f4xx.c...
compiling main.c...
compiling stm32f4xx_it.c...
..\user\stm32f4xx_it.c(163): warning:  #223-D: function "printf" declared implicitly
compiling uart.c...
linking...
Program Size: Code=7094 RO-data=438 RW-data=48 ZI-data=1888  
"..\Output\obj\test.axf" - 0 Error(s), 1 Warning(s).
Load "..\\Output\\obj\\test.AXF" 
No Algorithm found for: 08000000H - 08001D9BH
Erase skipped!
Load "..\\Output\\obj\\test.AXF" 
Erase Done.
Programming Done.
Verify OK.
Application running ...
Rebuild target 'project'
compiling misc.c...
compiling stm32f4xx_dbgmcu.c...
compiling stm32f4xx_flash.c...
compiling stm32f4xx_gpio.c...
compiling stm32f4xx_rcc.c...
compiling stm32f4xx_syscfg.c...
compiling stm32f4xx_usart.c...
assembling startup_stm32f4xx.s...
compiling system_stm32f4xx.c...
compiling main.c...
compiling stm32f4xx_it.c...
..\user\stm32f4xx_it.c(163): warning:  #223-D: function "printf" declared implicitly
compiling uart.c...
linking...
Program Size: Code=7094 RO-data=438 RW-data=48 ZI-data=1888  
"..\Output\obj\test.axf" - 0 Error(s), 1 Warning(s).
Load "..\\Output\\obj\\test.AXF" 
Erase Done.
Programming Done.
Verify OK.
Application running ...
Rebuild target 'project'
compiling misc.c...
compiling stm32f4xx_dbgmcu.c...
compiling stm32f4xx_flash.c...
compiling stm32f4xx_gpio.c...
compiling stm32f4xx_rcc.c...
compiling stm32f4xx_syscfg.c...
compiling stm32f4xx_usart.c...
assembling startup_stm32f4xx.s...
compiling system_stm32f4xx.c...
compiling main.c...
compiling stm32f4xx_it.c...
..\user\stm32f4xx_it.c(163): warning:  #223-D: function "printf" declared implicitly
compiling uart.c...
linking...
Program Size: Code=4604 RO-data=424 RW-data=40 ZI-data=1024  
FromELF: creating hex file...
"..\Output\obj\test.axf" - 0 Error(s), 1 Warning(s).
Load "..\\Output\\obj\\test.AXF" 
Erase Done.
Programming Done.
Verify OK.
Application running ...
